// Vitest Snapshot v1, https://vitest.dev/guide/snapshot.html

exports[`parseParsoid on every starter fixture > de:Albert Einstein 1`] = `
"Albert Einstein · rev 270746398 · spec 2.8.0
(lead) — body 35, hatnote 2 — Ferdinand Schmutzer | 14. März | 1879
h2 Staatsangehörigkeiten — body 18 — Staatsbürgerschaft | Königreich Württemberg | Deutsche Staatsangehörigkeit
h2 Leben — no links
  h3 Kindheit und Jugend — no links
    h4 Vorfahren und Elternhaus — body 22 — Hermann Einstein | Pauline Einstein | Geschichte der Juden in Deutschland
    h4 München und Schulausbildung bis 1894 — body 8 — Varese | Susa (Piemont) | Maja Einstein
    h4 Fotografien aus der Kindheit — body 11 — Joseph Albert (Fotograf) | Maja Einstein | ETH-Bibliothek
  h3 Schweiz 1895–1914 — no links
    h4 Der Weg zum Studium: Matura in Aarau — body 27 — Matura | Alte Kantonsschule Aarau | Schweiz
    h4 Studium am Polytechnikum in Zürich — body 6 — Jahr | ETH Zürich | Allgemeine Relativitätstheorie
    h4 Vom Hauslehrer zum Patentamt Bern — body 9 — Zürcher Hochschule Winterthur | Winterthur | Schaffhausen
    h4 Familiäre Situation — body 17 — Mileva Marić | Kommilitone | Mileva Marić
    h4 Von ersten Veröffentlichungen bis zur berühmten Formel E = mc² (1905) — body 25 — Geschichte der speziellen Relativitätstheorie | Veröffentlichung | Photoelektrischer Effekt
    h4 Die Schritte bis zur neuen Theorie der Gravitation — body 16 — Max Planck | Abraham Pais | Raumzeit
    h4 Professur — body 11 — Habilitation | Universität Bern | Habilitationsschrift
  h3 Berliner Jahre 1914–1932 — body 2 — Berliner Gedenktafel | Berlin-Dahlem
    h4 Berufliche Begegnungen und familiäre Einschnitte — body 26 — Max Planck | Preußische Akademie der Wissenschaften | Humboldt-Universität zu Berlin
    h4 Experimentelle Bestätigung der vorherberechneten Lichtablenkung (1919) — body 10 — Sonnenfinsternis vom 29. Mai 1919 | Arthur Stanley Eddington | Sonne
    h4 Verleihung des Nobelpreises (1922) — body 6 — Nobelpreis für Physik | Photoelektrischer Effekt | Rudolf Nadolny
    h4 Bau des „Einsteinhauses“ — body 9 — Einsteinhaus Caputh | Berlin | Gustav Böß
    h4 Die Konfrontation mit Niels Bohr — body 8 — Niels Bohr | Solvay-Konferenz | Gedankenexperiment
  h3 Princeton 1932–1955 — no links
    h4 Reisetätigkeit und deutsche Ausbürgerung — body 19 — Ehrendoktor | Princeton University | Princeton (New Jersey)
    h4 Suche nach der Weltformel — body 7 — Institute for Advanced Study | Princeton University | André François-Poncet
    h4 Private Situation im Exil — body 11 — Sergei Timofejewitsch Konjonkow | Institute for Advanced Study | Robert Oppenheimer
    h4 Einsteins Warnung vor einer deutschen Atombombe — body 17 — Kernspaltung | Otto Hahn | Fritz Straßmann
    h4 Emeritierung — body 6 — Robert Oppenheimer | Jawaharlal Nehru | Antikommunismus
    h4 Haltung zu Deutschland — body 8 — Holocaust | Zeit des Nationalsozialismus | Arnold Sommerfeld
    h4 Sorge um den Frieden — body 3 — Weltfrieden | Russell-Einstein-Manifest | Abrüstung
    h4 Tod — body 13 — Ruptur | Aortenaneurysma | Rudolf Nissen
h2 Naturwissenschaftliche Entdeckungen und Erfindungen — no links
  h3 Physik — no links
    h4 Relativitätstheorie — body 7 — Relativitätstheorie | Hendrik Antoon Lorentz | Henri Poincaré
    h4 Gegenstand des Nobelpreises — body 9 — Nobelpreis | Photoelektrischer Effekt | Arthur Stanley Eddington
    h4 Quantenphysik — body 15 — Niels Bohr | Israelische Akademie der Wissenschaften | Quantenphysik
    h4 Laser — body 3 — Stimulierte Emission | Laser | Transistor
    h4 Bose-Einstein-Kondensation — body 4 — Satyendranath Bose | Bose-Einstein-Kondensat | Phasenübergang
    h4 Einheitliche Feldtheorie — body 3 — Feldtheorie (Physik) | Äther (Physik) | Universität Leiden
    h4 Gravitationswellen — body 12 — Raumzeit | Gravitationswelle | Gravitationswellendetektor
  h3 Technik — no links
    h4 Einstein-de-Haas-Effekt — body 7 — Wander Johannes de Haas | Einstein-de-Haas-Effekt | Gyromagnetisches Verhältnis
    h4 Kreiselkompass — body 3 — Kreiselkompass | Hermann Anschütz-Kaempfe | Elmer Ambrose Sperry
    h4 Kühlmittelpumpe — body 6 — Leó Szilárd | Patent | AEG
    h4 Katzenbuckelflügel — body 4 — Ludwig Hopf (Mathematiker) | Anstellwinkel | Luftverkehrsgesellschaft (LVG)
h2 Politisches Engagement — no links
  h3 Positionsbestimmung — body 29 — Wilhelminismus | Militarismus | Deutsches Kaiserreich
  h3 Pazifismus — body 22 — Völkerbund | Henri Bergson | Internationales Institut für geistige Zusammenarbeit
  h3 Zionismus — body 22 — Chaim Weizmann | Palästina (Region) | Haifa
  h3 Sozialismus — body 13 — Essay | Why Socialism? | Gesellschaft (Soziologie)
  h3 Schwangerschaftsabbruch, Homosexualität und Sexualerziehung — body 9 — Magnus Hirschfeld | § 175 Strafgesetzbuch (Deutschland) | Die Neue Generation
h2 Einstellung zur Religion — body 7 — Aphorismus | Erich Gutkind | Agnostizismus
h2 Auszeichnungen — body 67 — Israelisches Pfund | Universität Genf | Preußische Akademie der Wissenschaften
h2 Würdigungen — body 22 — Bern | Einsteinturm | Wissenschaftspark Albert Einstein
h2 Weitere Darstellungen Einsteins in der bildenden Kunst und Fotografie (in alphabetischer Reihenfolge der Künstler) — body 2 — Hermann Hubacher | ETH Zürich
  h3 Plastiken — body 4 — Hermann Hubacher | ETH Zürich | Jürgen von Woyski
  h3 Zeichnungen und Druckgrafik — body 6 — Otto Damm | Herbert Nitzschke | Ludwig Scharl
  h3 Fotografie — body 1 — Albert Einstein mit herausgestreckter Zunge
h2 Sonstiges — no links
  h3 Cousin Robert Einstein — body 6 — Rignano sull’Arno | Rignano sull’Arno | Suizid
  h3 Handschrift — body 11 — Elizabeth Waterhouse | Harald Geisler | Font (Informationstechnik)
h2 Schriften — no links
  h3 Werkausgabe — body 7 — John Stachel | Martin J. Klein | David C. Cassidy
  h3 Wissenschaftliche Aufsätze — body 6, template 16 — Annalen der Physik | Wikibooks | Physikalische Zeitschrift
  h3 Andere Werke — body 8, template 2 — Über die spezielle und die allgemeine Relativitätstheorie | Warum Krieg? | Internationales Institut für geistige Zusammenarbeit
  h3 Weitere Texte — body 6 — Alice Calaprice | Anita Ehlers | Carl Seelig
h2 Literatur [hk] — no links
  h3 Biografien [hk] — body 18, template 1 — Dictionary of Scientific Biography | Alice Calaprice | Ronald W. Clark
  h3 Biografische Aspekte [hk] — body 16 — Offizin Andersen Nexö Leipzig | Konrad Kleinknecht | Walther Gerlach
h2 Filmdokumentationen — body 8 — Einsteins Universum | British Broadcasting Corporation | Nigel Calder
h2 Rezeption — no links
  h3 Belletristik — no links
  h3 TV/Film — body 4 — Einstein Junior | Albert Einstein (1990) | Einstein (Fernsehfilm)
  h3 Musical — body 5 — Einstein – A Matter Of Time | Theater St. Gallen | Frank Wildhorn
  h3 Oper — body 8 — Einstein (Oper) | Paul Dessau | Karl Mickel
h2 Weblinks [hk] — body 16, template 8 — Astrophysics Data System | Rundfunk Berlin-Brandenburg | Hebräische Universität Jerusalem
h2 Einzelnachweise [hk] — body 2, navbox 230, reference 88, template 4 — Ulm | Princeton (New Jersey)"
`;

exports[`parseParsoid on every starter fixture > de:Mindmap 1`] = `
"Mindmap · rev 263055398 · spec 2.8.0
(lead) — body 4, template 1 — Tony Buzan | Kognitiv | Assoziation (Psychologie)
h2 Erstellung — body 3 — Psychologe | Tony Buzan | 3D
h2 Methode — body 10 — Baumdiagramm | Begriff | Concept-Map
h2 Mindmap-Software — body 14 — FreeMind | Plattformunabhängig | Freie Software
h2 Eignung — no links
  h3 Ideensammlung und Brainstorming — no links
  h3 Sachtexte strukturieren — no links
  h3 Vortrag entwerfen — no links
  h3 Protokoll — body 1 — Assoziogramm
  h3 Planung und Organisation — no links
  h3 Lernen, Prüfungsvorbereitung — body 1 — Semantik
h2 Leistungsvorteile — no links
h2 Mängel — body 2 — Ontologie (Informatik) | Taxonomie
h2 Vergleiche von Mindmaps mit ähnlichen Strukturen — no links
  h3 Cognitive Maps — body 3 — Kognitive Karte | Hasse-Diagramm | Fuzzy Logic
  h3 iMapping — body 1 — IMapping
  h3 Freie Strukturierung — body 1 — Freie Strukturierung
h2 Literatur [hk] — no links
h2 Weblinks [hk] — template 1
h2 Einzelnachweise [hk] — reference 2, template 1"
`;

exports[`parseParsoid on every starter fixture > de:Photosynthese 1`] = `
"Photosynthese · rev 268891481 · spec 2.8.0
(lead) — body 28, hatnote 1, template 1 — Chloroplast | Blattspreite | Laubmoos
h2 Überblick — body 45 — Strahlungsenergie | Wellenlänge | Farbstoff
h2 Photosynthesebilanz — body 28 — Schwefelwasserstoff | Wasserstoff | Nitrit
h2 Forschungsgeschichte — body 19 — Antike | Aristoteles | Marcello Malpighi
h2 Absorption von Lichtenergie — body 35 — Absorptionsspektrum | Prisma (Optik) | Oedogonium
h2 Oxygene Photosynthese — body 24 — Photosystem | Algen | Cyanobakterien
  h3 Lineare (nicht-zyklische) Photophosphorylierung — body 31 — Photosystem | Atmungskette | Elektronentransportkette
  h3 Sauerstoffproduzierender Komplex — body 22 — Tyrosin | Mangan | Metallkomplex
  h3 Zyklische Photophosphorylierung — body 3 — Photosystem I | C4-Pflanze | C3-Pflanze
  h3 Pseudozyklischer Elektronentransport — body 9, template 3 — Reaktive Sauerstoffspezies | Superoxiddismutase | Wasserstoffperoxid
  h3 Regulation des Elektronentransports der oxygenen Photosynthese — no links
    h4 Laterale Ungleichverteilung der Photosynthesekomplexe in der Thylakoidmembran — body 13 — Chloroplast | Granum | Thylakoid
    h4 Umverteilung der Lichtsammelkomplexe LHC-II (state transitions) — body 3 — Photosystem I | Photosystem II | Proteinkinase
    h4 Thermische Dissipation überschüssiger Energie — body 7 — Trockenstress | Spaltöffnungen | Reaktive Sauerstoffspezies
h2 Anoxygene Photosynthese — body 7 — Cyanobakterien | Eukaryoten | Chinone
  h3 Anoxygene Photosynthese des Typs II — body 12 — Grüne Nichtschwefelbakterien | Purpurbakterien | Phäophytine
  h3 Anoxygene Photosynthese des Typs I — body 13 — Grüne Schwefelbakterien | Chlorobium | Heliobacteriaceae
  h3 Anoxygene Photosynthese in der Tiefsee — body 4 — Schwarzer Raucher | Ostpazifischer Rücken | Chlorosom
h2 Kohlenstoffdioxid-Assimilation — body 1 — Kohlenstoffdioxid-Assimilation
  h3 Calvin-Zyklus — body 10 — Calvin-Zyklus | Calvin-Zyklus | Ribulose-1,5-bisphosphat
  h3 Reduktiver Citratzyklus — body 2 — Reduktiver Citratzyklus | 3-Hydroxypropionatzyklus
  h3 Heliobakterien — body 3 — Heliobakterien | Anaplerotische Reaktionen | Reduktiver Citratzyklus
h2 Energiebilanz — body 9 — Wirkungsgrad | Effektivität | Joule
h2 Energiebilanz bei Pflanzen und anderen Organismen mit oxygener Photosynthese — no links
  h3 Wirkungsgrad — body 3 — Gibbs-Energie | Exziton | Quantenausbeute
  h3 Nettoprimärproduktion — body 3 — Hektar | Laubwald | Biomasse
  h3 Abhängigkeit von abiotischen Faktoren — body 3 — Minimumgesetz | Kulturpflanze | Gewächshaus
    h4 Kohlenstoffdioxid — body 7 — Erdatmosphäre | Kartesisches Koordinatensystem | Aerobe Atmung
    h4 Licht — body 23 — Beleuchtungsstärke | Sonnenstand | Cytoskelett
    h4 Wasserversorgung und Luftfeuchtigkeit — body 5 — Spaltöffnung | Luftfeuchtigkeit | Wasserstress
    h4 Temperatur — body 8 — Tropischer Regenwald | Gemäßigte Zone | Kiefernartige
    h4 Chlorophyllgehalt — body 2 — Thylakoid | Grünlücke
h2 Bedeutung — body 25 — Atmung | Biomasse | Lithotroph
h2 Evolution — body 35 — Geologie | Biogeochemie | Vergleichende Biochemie
h2 Technik — body 4 — Grätzel-Zelle | Organische Solarzelle | Algenreaktor
h2 Siehe auch [hk] — body 4 — Chemotrophie | Künstliche Photosynthese | C3-Pflanze
h2 Literatur [hk] — body 3 — Hans W. Heldt | Birgit Piechulla | Annu Rev Plant Biol
h2 Weblinks [hk] — body 6, template 9 — Scinexx | Nature | Scinexx
h2 Einzelnachweise [hk] — reference 23, template 2"
`;

exports[`parseParsoid on every starter fixture > de:Zürich 1`] = `
"Zürich · rev 270891130 · spec 2.8.0
(lead) — body 54, infobox 21, template 6 — Fraumünster | Münsterbrücke (Zürich) | St. Peter (Zürich)
h2 Stadtname und Aussprache — body 44, template 4 — Schweizer Hochdeutsch | Bundesdeutsches Hochdeutsch | Zürichdeutsch
h2 Geografie — body 14 — Sihl | Uetliberg | Zürichberg
  h3 Topografie — body 23 — Uetliberg | Zürichberg | Limmattal
  h3 Geologie — body 14 — Molasse | Tertiär | Alpen
  h3 Klima — body 12 — Gemäßigte Zone | Niederschlag | Bise
    h4 Klimawandel — body 1, infobox 3, template 4 — Affoltern (Stadt Zürich)
  h3 Stadtgebiet — body 1 — Liste der Hochhäuser in Zürich
  h3 Stadtgliederung — body 34 — Stadtteile der Stadt Zürich | Altstadt (Stadt Zürich) | Altstadt (Stadt Zürich)
  h3 Nachbargemeinden — body 16 — Gemeinde (Schweiz) | Regensdorf | Rümlang
h2 Geschichte — body 1 — Geschichte der Stadt Zürich
  h3 Frühgeschichte, Mittelalter und ältere Neuzeit — body 45 — Hans Leu der Ältere | Murerplan | Matthäus Merian
  h3 18. und 19. Jahrhundert — body 19 — Schweizerische Nordbahn | Johann Jakob Bodmer | Stadtstaat
  h3 20. Jahrhundert — body 27 — Landesstreik | Großbürger | Sozialdemokratische Partei der Schweiz
  h3 Gegenwart — body 9 — Europaallee Zürich | Ursula Koch (Politikerin) | Elmar Ledergerber
  h3 Wappen, Fahne und Logo — body 21 — Fahne und Wappen des Kantons und der Stadt Zürich | Banner (Fahne) | Freie und Reichsstädte
h2 Bevölkerung — body 18, template 11 — Nachverdichtung | Stadtmauer | Napoleonische Kriege
  h3 Sprachen — body 8 — Sprachen in der Schweiz | Schweizer Hochdeutsch | Deutsche Sprache
  h3 Religionen, Konfessionen — no links
    h4 Religionszugehörigkeit — body 19, reference 2 — Religionen in der Schweiz | Römisch-katholische Kirche in der Schweiz | Evangelisch-reformierte Landeskirche des Kantons Zürich
    h4 Christentum — body 45 — Grossmünster | Evangelisch-reformierte Kirchen der Schweiz | Täufertum
    h4 Islam — body 5 — Islam in der Schweiz | Bosnien | Kosovo
    h4 Judentum — body 13 — Judentum in Zürich | Judentum in der Schweiz | Juden
    h4 Hinduismus — body 2 — Hinduismus | Hare-Krishna-Tempel Zürich
    h4 Buddhismus — body 3 — Buddhismus | Karma-Kagyü | Tibet
    h4 Konfessionslose — body 1 — Konfessionslosigkeit
  h3 Soziales — body 2 — Sozialhilfe (Schweiz) | Existenzsicherung
h2 Politik — no links
  h3 Legislative – Gemeinderat — body 20, template 23 — Legislative | Gemeindeparlament | Rathaus (Zürich)
  h3 Exekutive – Stadtrat — body 24 — Liste der Stadträte von Zürich | Gemeinderat (Schweiz) | Exekutive
  h3 Projekt Zentralverwaltung — body 14 — Gustav Gull | Sechseläutenplatz | Bürkliplatz
  h3 Nationale Wahlen — body 11 — Schweizer Parlamentswahlen 2023 | Sozialdemokratische Partei der Schweiz | Grüne Schweiz
  h3 Kantonale Behörden — body 7 — Regierungsrat des Kantons Zürich | Kantonsrat (Zürich) | Gebrüder Pfister
  h3 Partnerstädte — body 7 — Gemeindepartnerschaft | Kunming | Volksrepublik China
h2 Wirtschaft — body 37 — Schweizerische Nationalbank | Bürkliplatz | Metropolregion Zürich
  h3 Wohnungsmarkt — body 3 — Schweizer Franken | Wohnraummangel | Verhältnismäßigkeitsprinzip
h2 Infrastruktur und Lebensqualität — no links
  h3 Strom- und Wasserversorgung, Entsorgung — body 15 — Münsterhof (Zürich) | Elektrizitätswerk der Stadt Zürich | Stromausfall
  h3 Polizei, Rettungsdienste und Feuerwehr — body 2 — Stadtpolizei Zürich | Schutz und Rettung Zürich
  h3 Friedhöfe — body 7 — Liste der Friedhöfe in Zürich | Landschaftsarchitektur | Friedhof Sihlfeld
  h3 Lebensqualität — body 14 — Alter Botanischer Garten Zürich | Schanzengraben (Zürich) | Lebensqualität
h2 Medien — body 5 — TX Group | Ringier | Neue Zürcher Zeitung
  h3 Fernsehen — body 8 — Schweizer Fernsehen | Seebach (Stadt Zürich) | Schweizer Radio und Fernsehen
  h3 Radio — body 15 — Schweizer Radio und Fernsehen | Radio SRF 1 | Radio SRF 3
  h3 Zeitungen — body 25 — Neue Zürcher Zeitung | Tages-Anzeiger | Blick (Zeitung)
  h3 Zeitschriften — body 5 — Bilanz (Schweizer Wirtschaftsmagazin) | Die Weltwoche | Annabelle (Zeitschrift)
h2 Verkehr — no links
  h3 Motorisierter Individualverkehr — body 22 — Central (Zürich) | Bahnhofbrücke Zürich | Milchbucktunnel
  h3 Veloverkehr — body 6 — Velofahren in Zürich | Fahrrad | Modal Split
  h3 Fernverkehr — body 7 — Zürich Hauptbahnhof | Zürich Hauptbahnhof | EuroCity
  h3 Nahverkehr — body 23 — VBZ Be 5/6 | Verkehrsbetriebe Zürich | Öffentlicher Personennahverkehr
  h3 Schifffahrt — body 9 — Zürichsee-Schifffahrtsgesellschaft | Bürkliplatz | Wollishofen
  h3 Flugverkehr — body 18 — Flughafen Zürich | Flughafen Zürich | Europa
h2 Bildung — body 8 — Schulkreis | Schulkreis Glattal | Schulkreis Letzi
  h3 Primarstufe — no links
  h3 Sekundarstufe I — body 2 — Sekundarschule | Langzeitgymnasium
  h3 Sekundarstufe II — body 18 — Kantonsschule Enge | Liste der Kantonsschulen des Kantons Zürich | Gymnasium
  h3 Hochschulen — body 19 — ETH Zürich | Universität Zürich | Universität Zürich
h2 Kunst, Kultur und Tourismus — no links
  h3 Allgemeine Sehenswürdigkeiten — body 7 — Liste der Kulturgüter in Zürich | Archäologische Fenster in Zürich | Altstadt von Zürich
    h4 Altstadt — body 20 — Grossmünster | Wasserkirche | Central (Zürich)
    h4 Innenstadt des 19. Jahrhunderts — body 34 — Bahnhofstrasse (Zürich) | Bahnhofplatz (Zürich) | Historismus
    h4 Moderne Bauten und Viertel — body 11 — Prime Tower | Hochhäuser in Zürich | Bahnhof Zürich Enge
    h4 Parks und Naherholungsgebiete — body 23 — Belvoirpark | Enge | Zoo Zürich
    h4 Ausflüge in die Region — body 12 — Rheinfall | Schaffhausen | Höllgrotten
  h3 Plan Lumière (Lichtmasterplan) — body 8 — Quaibrücke | Circus Conelli | Bauschänzli
  h3 Kunst und Kultur — body 10 — Antonio Ligabue | Max Frisch | James Joyce
    h4 Museen und Galerien — body 27 — London | New York City | Zeitgenössische Kunst
    h4 Bibliotheken und Archive — body 9 — Zentralbibliothek Zürich | Universitätsbibliothek | Pestalozzi-Bibliothek Zürich
    h4 Theater und Konzerte — body 27 — Opernhaus Zürich | Tonhalle Zürich | Schauspielhaus Zürich
    h4 Kunst im öffentlichen Raum — body 13 — Giacometti-Halle | Marc Chagall | Fraumünster
  h3 Veranstaltungen und Feste — body 26 — Sechseläuten | Knabenschiessen | Winter
  h3 Nachtleben — body 6 — Langstrasse | Niederdorf (Stadt Zürich) | Zürich-West
  h3 Einkaufen und Mode — body 15 — Einkauf (Konsum) | Bahnhofstrasse (Zürich) | Modelabel
h2 Sport — no links
  h3 Vereine — body 40 — Grasshopper Club Zürich | FC Zürich | Super League (Schweiz)
  h3 Sportstätten — body 16 — Weltklasse Zürich | Hallenstadion | ZSC Lions
  h3 Internationale Organisationen — body 7 — FIFA | Hottingen (Stadt Zürich) | Zoo Zürich
  h3 Veranstaltungen — body 40 — Fußball-Weltmeisterschaft 1954 | Fußball-Europameisterschaft 2008 | Fußball-Europameisterschaft der Frauen 2025
h2 Persönlichkeiten — body 28 — Huldrych Zwingli | Reformation | Täufer
h2 Siehe auch [hk] — body 1 — (13025) Zürich
h2 Literatur [hk] — no links
  h3 Geschichte [hk] — template 2
  h3 Architektur [hk] — body 2, template 2 — Werner Oechslin | J. Christoph Bürkle
  h3 Kultur [hk] — body 1 — Ueli Staub
  h3 Verschiedenes [hk] — body 3, template 1 — Mike Van Audenhove | Milena Moser | Statistisches Jahrbuch der Stadt Zürich
h2 Weblinks [hk] — template 1
h2 Anmerkungen [hk] — reference 4
h2 Einzelnachweise [hk] — navbox 136, reference 83, template 3"
`;

exports[`parseParsoid on every starter fixture > en:Albert Einstein 1`] = `
"Albert Einstein · rev 1376862306 · spec 2.8.0
(lead) — body 52, hatnote 2, infobox 54, template 26 — Theoretical physicist | Theory of relativity | Old quantum theory
h2 Life and career — no links
  h3 Childhood, youth and education — body 48, hatnote 1 — Ulm | Kingdom of Württemberg | German Empire
  h3 Marriages, relationships and children — body 16 — Mileva Marić | Lieserl Einstein | Novi Sad
  h3 Assistant at the Swiss Patent Office (1902–1909) — body 13 — Swiss Patent Office | Conscription in Switzerland | Marcel Grossmann
  h3 First scientific papers (1900–1905) — body 9 — List of scientific publications by Albert Einstein | Annalen der Physik | Alfred Kleiner
  h3 Academic career in Europe (1908–1933) — body 34 — University of Bern | Electrodynamics | Alfred Kleiner
  h3 Putting general relativity to the test (1919) — body 14 — The New York Times | Príncipe | Sobral, Ceará
  h3 Coming to terms with fame (1921–1923) — body 20 — Nobel Prize | John Francis Hylan | Columbia University
  h3 Serving the League of Nations (1922–1932) — body 10 — International Committee on Intellectual Cooperation | League of Nations | International Committee on Intellectual Cooperation
  h3 Touring South America (1925) — body 4 — Julio Rey Pastor | Jakob Laub | Leopoldo Lugones
  h3 Touring the US (1930–1931) — body 24 — Pasadena, California | California Institute of Technology | Chinatown, Manhattan
  h3 Immigration to the US (1933) — body 8 — Charles R. Macauley | Nazi Germany | Adolf Hitler
    h4 Refugee status — body 25 — Dover | Ostend | Oxford
    h4 Resident scholar at the Institute for Advanced Study — body 18 — Princeton University | Royal Albert Hall | The Times
    h4 World War II and the Manhattan Project — body 14, hatnote 1 — Einstein–Szilard letter | Leó Szilárd | Washington, D.C.
    h4 US citizenship — body 12 — Citizenship of the United States | Phillip Forman | New Jersey
  h3 Personal views — no links
    h4 Political views — body 15, hatnote 1 — Elsa Einstein | Chaim Weizmann | Vera Weizmann
    h4 Relationship with Zionism — body 18, hatnote 1 — Hebrew University of Jerusalem | World Zionist Organization | Chaim Weizmann
    h4 Religious and philosophical views — body 19, hatnote 1 — Lee Smolin | Pantheistic | Spinozism
    h4 Love of music — body 12 — German culture | Leon Botstein | Mozart
  h3 Death — body 12 — Internal bleeding | Abdominal aortic aneurysm | Rudolph Nissen
h2 Scientific career — body 2 — Bose–Einstein statistics | Einstein refrigerator
  h3 Statistical mechanics — no links
    h4 Thermodynamic fluctuations and statistical physics — body 3, hatnote 3 — Annalen der Physik | Capillary attraction | Atom
    h4 Theory of critical opalescence — body 1, hatnote 1 — Rayleigh scattering
  h3 1905 – Annus Mirabilis papers — body 17 — Annus mirabilis papers | Quantum mechanics | Brownian motion
  h3 Special relativity — body 11, hatnote 1 — Maxwell's equations | Speed of light | Time dilation
  h3 General relativity — no links
    h4 General relativity and the equivalence principle — body 13, hatnote 3 — Arthur Stanley Eddington | Solar eclipse | General relativity
    h4 Gravitational waves — body 9 — Gravitational wave | Curvature | Wave
    h4 Hole argument and Entwurf theory — body 2 — Gauge invariance | Hole argument
    h4 Physical cosmology — body 14, hatnote 1, template 1 — Robert Andrews Millikan | Georges Lemaître | California Institute of Technology
    h4 Energy momentum pseudotensor — body 9, hatnote 1 — Noether's theorem | Lagrangian (field theory) | Translation invariance
    h4 Wormholes — body 4 — Nathan Rosen | Wormhole | Einstein–Rosen bridges
    h4 Einstein–Cartan theory — body 2, hatnote 1 — University of Berlin | Torsion tensor
    h4 Equations of motion — body 6, hatnote 1 — Spacetime | John Archibald Wheeler | Einstein field equations
  h3 Old quantum theory — hatnote 1
    h4 Photons and energy quanta — body 7 — Quantum | Robert Millikan | Compton scattering
    h4 Quantized atomic vibrations — body 1, hatnote 1 — Peter Debye
    h4 Bose–Einstein statistics — body 11, hatnote 1 — Statistical mechanics | Satyendra Nath Bose | Zeitschrift für Physik
    h4 Wave–particle duality — body 6 — Harris & Ewing | Privatdozent | Quantization (physics)
    h4 Zero-point energy — body 2 — Zero-point energy | Otto Stern
    h4 Stimulated emission — body 3 — Stimulated emission | Maser | Laser
    h4 Matter waves — body 3 — Louis de Broglie | De Broglie waves | Bohr-Sommerfeld quantization
  h3 Quantum mechanics — no links
    h4 Einstein's objections to quantum mechanics — no links
    h4 Bohr versus Einstein — body 4, hatnote 1 — Niels Bohr | Niels Bohr | Philosophy of science
    h4 Einstein–Podolsky–Rosen paradox — body 14, hatnote 1 — Einstein's thought experiments | Wavefunction | Schrödinger equation
  h3 Unified field theory — body 5, hatnote 1 — Unified field theory | Scientific American | Strong nuclear force
  h3 Other investigations — body 2, hatnote 1 — Force | Superconductivity
  h3 Collaboration with other scientists — body 4 — Solvay Conference | Leopold Infeld | Nathan Rosen
    h4 Einstein–de Haas experiment — body 12, hatnote 1 — Owen Willans Richardson | Magnetic moment | Conservation of angular momentum
    h4 Einstein as an inventor — body 4 — Leó Szilárd | Einstein refrigerator | Absorption refrigerator
h2 Legacy — no links
  h3 Non-scientific — body 24 — Heinrich Jacob Goldschmidt | Ole Colbjørnsen | Jørgen Vogt
  h3 Scientific recognition — body 12 — Isaac Newton | Lev Landau | Lev Landau
h2 In popular culture — body 7, hatnote 1 — Arthur Sasse | Scientific celebrity | The New Yorker
h2 Awards and honors — body 3, hatnote 1 — Nobel Prize in Physics | Alfred Nobel | Einsteinium
h2 Publications — no links
  h3 Scientific — body 22, hatnote 1, template 35 — Paul Karl Ludwig Drude | Annalen der Physik | Paul Karl Ludwig Drude
  h3 Popular — body 3, template 3 — Relativity: The Special and the General Theory | Leopold Infeld | The Evolution of Physics
  h3 Political — body 3, template 2 — The New York Times | Monthly Review | Monthly Review
h2 See also [hk] — body 6, template 7 — Einstein notation | Heinrich Burkhardt | Heinrich Zangger
h2 Footnotes [hk] — reference 9
h2 Notes [hk] — reference 7
h2 References [hk] — reference 251
  h3 Works cited [hk] — body 20, template 42 — Charles Chaplin | Ronald W. Clark | Peter Galison
h2 Further reading [hk] — body 7, template 13 — Denis Brian | Denis Brian | Frederick Alexander Lindemann
h2 External links [hk] — body 4, navbox 543, template 6 — Shapell Manuscript Foundation | The Hebrew University of Jerusalem | Princeton University"
`;

exports[`parseParsoid on every starter fixture > en:Chess 1`] = `
"Chess · rev 1376110183 · spec 2.8.0
(lead) — body 38, hatnote 1, infobox 12, template 3 — Board game | Chessboard | White and Black in chess
h2 Rules — body 3, hatnote 1, template 1 — FIDE | List of chess federations | United States Chess Federation
  h3 Setup — body 11, template 2 — Chess set | Staunton chess set | Chess piece
  h3 Movement — body 8 — Castling | En passant | King (chess)
    h4 Check and checkmate — body 4, hatnote 2 — Check (chess) | Checkmate | Check (chess)
    h4 Castling — body 1, hatnote 1 — Castling
    h4 Special pawn moves — body 3, hatnote 2, template 1 — Promotion (chess) | En passant | Underpromotion
  h3 End of the game — no links
    h4 Win — body 3 — Checkmate | Rules of chess | Time control
    h4 Draw — body 16 — Draw (chess) | Stalemate | Rules of chess
  h3 Time control — body 10 — Time control | Adjournment (chess) | Bullet chess
  h3 Handicaps — body 6, hatnote 1, template 1 — Handicap (chess) | Chess clock | Checkmate
h2 Notation — body 14, hatnote 1, template 6 — Chess notation | Algebraic notation (chess) | Algebraic notation (chess)
h2 Gameplay — hatnote 3
  h3 Phases — no links
    h4 Opening — body 12, hatnote 1, template 6 — Sicilian Defense, Najdorf Variation | Sicilian Defense | King's Pawn Game
    h4 Middlegame — body 6, hatnote 1, template 1 — Combination (chess) | Boden's Mate | Lasker - Bauer, Amsterdam, 1889
    h4 Endgame — body 7, hatnote 1, template 1 — Promotion (chess) | Stalemate | Zugzwang
  h3 Strategy — body 7, hatnote 1, template 3 — Pawn structure | Key square | Chess piece relative value
  h3 Tactics — body 15, hatnote 1, template 3 — Pin (chess) | Fork (chess) | Skewer (chess)
h2 Problems and studies — body 19, template 4 — Samuel Loyd | Chess problems | Glossary of chess problems
h2 Chess in public spaces — body 8, template 1 — Hustling | New York City | Jardin du Luxembourg
h2 Online chess — body 15, hatnote 1 — List of Internet chess platforms | Elo rating system | Quarantine
h2 Computer chess — body 31, hatnote 4 — Automaton | Mechanical Turk | Hoax
h2 Organized competition — no links
  h3 Tournaments and matches — body 6 — Tata Steel Chess Tournament | Round-robin tournament | Swiss-system tournament
  h3 Governance — body 28 — FIDE | French language | International Braille Chess Association
  h3 Titles and rankings — body 11, hatnote 1 — International Correspondence Chess Federation | Elo rating system | Arpad Elo
h2 History — hatnote 1
  h3 Origins — body 48, template 4 — Sasanian Empire | Khosrow I | Maukhari
  h3 1200–1700: Origins of the modern game — body 26 — Sofonisba Anguissola | Lucia Anguissola | Backgammon
  h3 1700–1873: Romantic era — body 35 — Immortal Game | François-André Danican Philidor | Louis-Charles Mahé de La Bourdonnais
  h3 1873–1945: Birth of a sport — body 19, template 1 — Wilhelm Steinitz | World Chess Champion | Prague
  h3 1945–1990: Post-World War II era — body 32 — Mikhail Botvinnik | World Chess Championship 1948 | Mikhail Botvinnik
    h4 Beginnings of chess technology — body 16 — Chess engines | North American Computer Chess Championship | World Computer Chess Championship
  h3 1990–present: Rise of computers and online chess — no links
    h4 Technology — body 40 — Internet | Online chess | Chess server
    h4 Growth — body 1 — Grandmaster (chess)
    h4 Organized chess — body 22 — Magnus Carlsen | Nigel Short | Professional Chess Association
h2 Chess literature — body 7, hatnote 3 — H.J.R. Murray | Chess columns in newspapers | Baruch Harold Wood
h2 Connections to other fields — no links
  h3 Arts and humanities — body 38, hatnote 1 — Middle Ages | Renaissance | Nobility
  h3 Mathematics — body 16, hatnote 2 — Combinatorics | Topology | Knight's tour
    h4 Applied mathematics — body 12, template 1 — Steganography | Bit | Binary code
  h3 Psychology — body 10 — Alfred Binet | Knowledge | Adriaan de Groot
h2 Related games — body 10 — Sittuyin | Chaturanga | Shatranj
  h3 Chess variants — body 11, hatnote 2 — José Raúl Capablanca | The Times | Losing chess
h2 See also [hk] — body 8 — Glossary of chess | Glossary of chess problems | Glossary of computer chess terms
h2 Footnotes [hk] — reference 8
h2 Notes [hk] — reference 67
h2 References [hk] — body 31, template 76 — Graham Burgess | John Nunn | John Emms (chess player)
h2 Further reading [hk] — body 10, template 20 — Henry Bird (chess player) | Everyman Chess | Reuben Fine
h2 External links [hk] — body 2, navbox 760 — FIDE | International Correspondence Chess Federation"
`;

exports[`parseParsoid on every starter fixture > en:Concept map 1`] = `
"Concept map · rev 1342903113 · spec 2.8.0
(lead) — body 12, hatnote 3, template 46 — Electricity | Diagram | Concept
h2 Differences from other visualizations — body 8 — Topic map | Knowledge graph | Information management
h2 History — body 5 — Joseph D. Novak | Cornell University | Constructivism (learning theory)
h2 Use — body 13 — CmapTools | Creativity | Brain-storming
h2 See also [hk] — body 12 — Cluster analysis | Concept inventory | Conceptual framework
h2 References [hk] — reference 9
h2 Further reading [hk] — template 3
h2 External links [hk] — navbox 56"
`;

exports[`parseParsoid on every starter fixture > en:Mind map 1`] = `
"Mind map · rev 1374343935 · spec 2.8.0
(lead) — body 6, hatnote 1, template 46 — Cubital fossa | Illustration | Diagram
h2 Origin — body 11 — Popular psychology | Tony Buzan | Radial tree
h2 Differences from other visualizations — body 7 — Concept map | Concept maps | Tree structure
h2 Research — no links
  h3 Effectiveness — body 3 — Spider diagram | Note-taking | Concept map
  h3 Features — body 1 — MindMeister
  h3 Automatic creation — no links
h2 Tools — body 2 — List of concept- and mind-mapping software | Note-taking
h2 Gallery — body 1 — Tree structure
h2 See also [hk] — body 14 — Concept map | Cluster analysis | Exquisite corpse
h2 References [hk] — reference 28
h2 External links [hk] — navbox 85"
`;

exports[`parseParsoid on every starter fixture > en:Mount Everest 1`] = `
"Mount Everest · rev 1376942985 · spec 2.8.0
(lead) — body 40, hatnote 4, infobox 130, template 4 — Everest base camps | Nuptse | Lhotse
h2 Name — body 25 — Nepali language | International Alphabet of Sanskrit Transliteration | Classical Tibetan
  h3 Other names — body 1 — Gaurishankar
h2 Surveys — no links
  h3 19th century — body 20 — Cartographic relief depiction | Great Trigonometrical Survey | Theodolite
  h3 20th century — body 16 — Nepal | China–Nepal border | Kangshung Face
  h3 21st century — body 6 — Chinese Academy of Sciences | Plate tectonics | Main Himalayan Thrust
  h3 Comparisons — body 7, hatnote 1 — Above sea level | Mauna Kea | Denali
  h3 Context and maps — body 6 — Lhotse | Nuptse | Changtse
h2 Geology — body 50 — Geologic formation | Fault (geology) | Detachment fault
  h3 IUGS geological heritage site — body 1 — International Union of Geological Sciences
h2 Flora and fauna — body 14 — Moss | Arenaria (plant) | Jumping spider
  h3 Conservation — body 2 — Sagarmatha National Park | Qomolangma National Nature Preserve
h2 Climate — body 1 — Ice cap climate
  h3 Climate change — body 2 — Khumbu Glacier | Climate change
  h3 Meteorology — body 17 — Atmospheric pressure | Pascal (unit) | Pounds per square inch
h2 Expeditions — body 3, hatnote 1 — Geneva Spur | The Himalayan Database | Jet stream
  h3 Early attempts — body 32 — Clinton Thomas Dent | Alpine Club (UK) | George Mallory
  h3 First successful ascent by Tenzing and Hillary, 1953 — body 8, hatnote 1 — Edmund Hillary | Tenzing Norgay | John Hunt, Baron Hunt
  h3 1950s–60s — body 12 — Ernst Schmied | Juerg Marmet | Wang Fuzhou
  h3 1970s — body 7, hatnote 1 — Yuichiro Miura | Junko Tabei | 1975 British Mount Everest Southwest Face expedition
  h3 1979/1980: Winter Himalaism — body 7 — Nepal Tourism Board | Andrzej Zawada | Leszek Cichy
  h3 Lho La tragedy, 1989 — body 9 — Khumbutse | Lho La | Zygmunt Andrzej Heinrich
  h3 1996 disaster — body 11, hatnote 1 — 2014 Mount Everest ice avalanche | Jon Krakauer | Outside (magazine)
  h3 2006 — body 28 — Nepal | Russia | Vitor Negrete
  h3 2007 — body 1 — Meagan McGrath
  h3 Ascent statistics up to 2010 season — body 3 — 1996 Mount Everest disaster | 2008 Summer Olympics summit of Mt. Everest | 2008 Summer Olympics
  h3 2010s — hatnote 2
  h3 2014 avalanche — hatnote 1
  h3 2015 avalanche and earthquake — body 7, hatnote 1 — April 2015 Nepal earthquake | Moment magnitude scale | Everest Base Camp
  h3 2016 and 2017 — body 10, hatnote 2 — Mount Everest in 2012 | Mount Everest in 2013 | Mount Everest in 2016
  h3 2018 — body 1, hatnote 1 — Xia Boyu
  h3 2019 — body 10, template 5 — List of people who died climbing Mount Everest | United Kingdom | Nepal
  h3 2020s — body 4 — COVID-19 pandemic | Kami Rita | Lhakpa Sherpa
h2 Climbing — no links
  h3 Permits — body 3 — Hillary Step | 2008 Summer Olympics summit of Mt. Everest | COVID-19 pandemic
  h3 Commercial climbing — body 25 — Everest base camps | Gorakshep | Jon Krakauer
    h4 Speed climbing — no links
      h5 Altitude tents — hatnote 1
      h5 Xenon gas — body 4, hatnote 1 — Xenon gas | Erythropoietin | Altitude acclimatisation
    h4 Summiting with disabilities — body 1 — Down syndrome
  h3 Routes — body 7 — Nepal | Tibet | Edmund Hillary
    h4 Southeast Ridge — body 34 — Everest Base Camp | Lukla | Kathmandu
    h4 North Ridge route — body 5, hatnote 1 — Rongbuk Monastery | Tibet | Rongbuk Glacier
  h3 Summit — body 1 — Limestone
  h3 Death zone — body 13, hatnote 1 — Kala Patthar | Death zone | Frostbite
  h3 Supplemental oxygen — body 15 — Oxygen mask | Bottled oxygen | Bottled oxygen
  h3 Autumn climbing — body 3 — Los Angeles Times | Karl Gordon Henize | Background radiation
  h3 Thefts and crime — body 2 — Vitor Negrete | Prostitution in Tibet
  h3 Timeline — body 25, hatnote 2 — Lhotse | George Mallory | Edward Felix Norton
h2 Aviation — no links
  h3 1933: Flight over Everest — body 5, hatnote 1 — Lucy, Lady Houston | Millionaire | Showgirl
  h3 1988: First climb and glide — body 2 — Jean-Marc Boivin | Paraglider
  h3 1991: Hot air balloon flyover — body 5 — Hot-air balloon | Eric Jones (climber) | Leo Dickinson
  h3 2005: Pilot summits with helicopter — body 5 — Didier Delsalle | Eurocopter AS350 | Fédération Aéronautique Internationale
  h3 2011: Paraglide off summit — body 3 — Namche Bazaar | Kayaking | Nightline
  h3 2014: Helicopter-assisted ascent — body 2 — Wang Jing (mountaineer) | International Mountaineer of the Year Award
  h3 2016: Helicopter business increases — body 1 — Bell 412
h2 Extreme sports — body 7 — Yuichiro Miura | Davo Karničar | Hans Kammerlander
h2 Religious significance — body 12 — Rongbuk Monastery | Padmasambhava | Lotus birth
h2 Waste management — body 3, hatnote 1 — Rongbuk Monastery | Solukhumbu District | Khumbu Pasanglhamu
h2 See also [hk] — body 6, template 12 — Everesting | List of ski descents of Eight-Thousanders | Qomolangma National Park
h2 Notes [hk] — reference 6
h2 References [hk] — reference 118
h2 Further reading [hk] — body 8, hatnote 2, template 6 — Anatoli Boukreev | Edmund Hillary | Thomas Holdich
h2 External links [hk] — infobox 1, navbox 627, template 1"
`;

exports[`parseParsoid on every starter fixture > en:Photosynthesis 1`] = `
"Photosynthesis · rev 1371284103 · spec 2.8.0
(lead) — body 95, hatnote 1 — Carbohydrate | Phytoplankton | Vegetation
h2 Overview — body 33, hatnote 1 — Photoautotroph | Chemical synthesis | Carbon dioxide
h2 Photosynthetic membranes and organelles — body 36, hatnote 2 — Cell membrane | Thylakoid | Vesicle (biology)
h2 Light-dependent reactions — body 33, hatnote 1 — Light-dependent reactions | Molecule | Chlorophyll
  h3 Z scheme — body 37 — Plant | Light-dependent reaction | Thylakoid membrane
  h3 Water photolysis — body 24, hatnote 2 — Photosynthetic reaction centre | Oxidized | P700
h2 Light-independent reactions — no links
  h3 Calvin cycle — body 53, hatnote 2 — Light-independent reactions | RuBisCO | Carbon dioxide
  h3 Carbon concentrating mechanisms — no links
    h4 On land — body 66, hatnote 3 — C4 carbon fixation | Lactic acid | Pyruvate
    h4 In water — body 7 — Cyanobacteria | Carboxysome | Carbonic anhydrase
h2 Order and kinetics — body 21 — Biological process | Energy transfer | Light-harvesting complex
h2 Efficiency — body 73, hatnote 1 — Plant | Photophosphorylation | Photosynthetic efficiency
h2 Evolution — body 20, hatnote 1, template 30 — Fossil | Protein filament | Organism
  h3 Symbiosis and the origin of chloroplasts — body 36 — Plagiomnium affine | Animal | Symbiosis
  h3 Photosynthetic eukaryotic lineages — body 34 — Kleptoplasty | Glaucophyte | Red algae
  h3 Photosynthetic prokaryotic lineages — body 26 — Green sulfur bacteria | Purple sulfur | Chloroflexota
  h3 Cyanobacteria and the evolution of photosynthesis — body 16 — Common ancestor | Cyanobacteria | Archean
h2 Experimental history — no links
  h3 Discovery — body 40 — Jan Baptist van Helmont | Mary Beale | Jan Baptist van Helmont
  h3 Refinements — body 37 — Cornelis Van Niel | Chemistry | Purple sulfur bacteria
  h3 Development of the concept — body 2 — Charles Reid Barnes | Greek language
  h3 C3 : C4 photosynthesis research — body 8 — University of California, Berkeley | Melvin Calvin | Nobel Prize in Chemistry
h2 Factors — body 8 — Leaf | Irradiance | Wavelength
  h3 Light intensity (irradiance), wavelength and temperature — body 8, hatnote 1 — Absorbance | Frederick Blackman | Gabrielle Matthaei
  h3 Carbon dioxide levels and photorespiration — body 6 — RuBisCO | Photorespiration | 3-phosphoglycerate
h2 See also [hk] — body 13 — Jan Anderson (scientist) | Artificial photosynthesis | Chemosynthesis
h2 Notes [hk] — no links
h2 References [hk] — reference 293
h2 Further reading [hk] — no links
  h3 Books [hk] — body 1, template 6 — Robert E. Blankenship
  h3 Papers [hk] — template 5
h2 External links [hk] — navbox 611"
`;

exports[`parseParsoid on every starter fixture > en:Python (programming language) 1`] = `
"Python (programming language) · rev 1377547374 · spec 2.8.0
(lead) — body 15, infobox 66, template 158 — High-level programming language | General-purpose programming language | Code readability
h2 History — body 19, hatnote 1 — Guido van Rossum | PyCon | Guido van Rossum
h2 Design philosophy and features — body 39 — Multi-paradigm programming language | Aspect-oriented programming | Metaprogramming
  h3 Enhancement Proposals — body 2 — Naming convention (programming) | Zen of Python
h2 Syntax and semantics — body 3, hatnote 1 — Curly bracket programming language | C (programming language) | Pascal (programming language)
  h3 Indentation — body 3, hatnote 1 — Whitespace character | Block (programming) | Off-side rule
  h3 Statements and control flow — body 32 — Statement (computer science) | Assignment (computer science) | If-then-else
  h3 Expressions — body 34 — Expression (computer science) | Floor division | NumPy
  h3 Typing — body 30 — Duck typing | Dynamically typed | Strongly typed
  h3 Arithmetic operations — body 1 — Modulo operator
  h2 Libraries — body 10 — MIME | HTTP | Graphical user interface
  h2 Development environments — body 15, hatnote 1 — Read–eval–print loop | Command line interpreter | Integrated development environment
  h2 Implementations — hatnote 1
    h3 Reference implementation — body 16 — CPython | Reference implementation | C11 (C standard revision)
    h3 Limitations of the reference implementation — no links
    h3 Other implementations — body 17 — PyPy | Just-in-time compiler | RISC-V
    h3 Unsupported implementations — body 17 — Stackless Python | Microthread | Call stack
    h3 Transpilers to other languages — body 20 — Transpiler | JavaScript | Cython
    h3 Performance — body 15 — The Computer Language Benchmarks Game | Interpreted language | Just-in-time compilation
  h2 Language development — body 12 — Roundup (issue tracker) | Bug tracker | GitHub
  h2 Naming — body 4 — Monty Python | Metasyntactic variable | Spam (Monty Python sketch)
  h2 Languages influenced by Python — body 16 — Cobra (programming language) | ECMAScript | JavaScript
  h2 See also [hk] — body 19 — List of Python software | List of computer books | Pip (package manager)
  h2 Notes [hk] — reference 12
  h2 References [hk] — reference 29
    h3 Sources [hk] — body 2, template 1 — Stuart J. Russell | Peter Norvig
  h2 Further reading [hk] — template 4
  h2 External links [hk] — navbox 343"
`;

exports[`parseParsoid on every starter fixture > en:Tony Buzan 1`] = `
"Tony Buzan · rev 1372616674 · spec 2.8.0
(lead) — body 5, infobox 2 — Mind mapping | Leonardo da Vinci | Albert Einstein
h2 Early life — body 9 — Palmers Green | London Borough of Enfield | Middlesex
h2 Career — body 13 — Mnemonic | Mind map | Mind maps
h2 Selected bibliography — template 15
h2 References [hk] — reference 5
h2 External links [hk] — no links"
`;

exports[`parseParsoid on every starter fixture > en:World War II 1`] = `
"World War II · rev 1377143094 · spec 2.8.0
(lead) — body 81, hatnote 5, infobox 24, navbox 65, template 8 — Global conflict | Coalition | Allies of World War II
h2 Start and end dates — body 20, hatnote 1, template 23 — German invasion of Poland | United Kingdom declaration of war on Germany (1939) | French declaration of war on Germany (1939)
h2 Background — hatnote 1
  h3 Aftermath of World War I — body 19 — League of Nations | Geneva | World War I
  h3 Germany and Italy — body 26 — German Empire | German revolution of 1918–1919 | Weimar Republic
  h3 European treaties — body 11 — Stresa Front | Military globalisation | Anglo-German Naval Agreement
  h3 Asia — body 24 — Kuomintang | Northern Expedition | Warlord Era
h2 Pre-war events — no links
  h3 Italian invasion of Ethiopia (1935) — body 17, hatnote 1 — Benito Mussolini | Second Italo-Ethiopian War | Second Italo-Ethiopian War
  h3 Spanish Civil War (1936–1939) — body 8, hatnote 1 — Nationalist faction (Spanish Civil War) | Francisco Franco | Spanish Republic
  h3 Japanese invasion of China (1937) — body 30, hatnote 1 — National Revolutionary Army | Imperial Japanese Army | Taierzhuang
  h3 Soviet–Japanese border conflicts — body 6, hatnote 1 — Manchukuo | Hokushin-ron | Battles of Khalkhin Gol
  h3 European occupations and agreements — body 42 — Neville Chamberlain | Daladier | Hitler
h2 Course of the war — hatnote 3
  h3 War breaks out in Europe (1939–1940) — body 46, hatnote 1 — Propaganda in Nazi Germany | Sopot | Invaded Poland
  h3 Western Europe (1940–1941) — body 58, hatnote 1 — Maginot Line | Operation Weserübung | Swedish iron-ore industry during World War II
  h3 Mediterranean (1940–1941) — body 32, hatnote 1 — Regia Aeronautica | Siege of Malta (World War II) | Italian invasion of British Somaliland
  h3 Axis attack on the Soviet Union (1941) — body 58, hatnote 1 — European theatre of World War II | Allies of World War II | Soviet Union
  h3 War breaks out in the Pacific (1941) — body 42, hatnote 1, template 1 — Battle of Hong Kong | False flag | Mukden incident
  h3 Axis advance stalls (1942–1943) — body 10 — Four Policemen | Declaration by United Nations | Atlantic Charter
  h3 Pacific (1942–1943) — body 40 — Sinking of Prince of Wales and Repulse | Battle of the Java Sea | Indian Ocean raid
  h3 Eastern Front (1942–1943) — body 22 — Central Russia | Southern Russia | Battle of the Kerch Peninsula
  h3 Western Europe/Atlantic and Mediterranean (1942–1943) — body 23 — Eighth Air Force | Boeing B-17 Flying Fortress | Second Happy Time
  h3 Allies gain momentum (1943–1944) — body 58, template 2 — United States Navy | Douglas SBD Dauntless | Scout plane
  h3 Allied offensives (1944) — body 66 — Omaha Beach | Invasion of Normandy | D-Day
  h3 Axis collapse and Allied victory (1944–1945) — body 87, template 2 — Yalta Conference | Winston Churchill | Franklin D. Roosevelt
h2 Aftermath — body 77, hatnote 2 — Nuremberg trials | Nazi Germany | Crimes against humanity
h2 Impact — hatnote 1
  h3 Casualties — body 2, hatnote 1 — Imperial Japanese Army | Nanjing massacre
  h3 Genocide, war crimes, and crimes against humanity — body 32 — Czesława Kwoka | SS | Auschwitz
  h3 Occupation — body 20, hatnote 5 — Palmiry massacre | Protectorate of Bohemia and Moravia | Nazi plunder
  h3 Home fronts and production — body 5, hatnote 2 — Attrition warfare | Labour force | Strategic bombing during World War II
  h3 Advances in technology and its application — body 78, hatnote 1 — V-2 rocket | Peenemünde | Reconnaissance aircraft
h2 See also [hk] — body 2 — Lists of World War II topics | World War III
h2 Notes [hk] — reference 6
h2 References [hk] — hatnote 1, reference 75
  h3 Sources [hk] — body 302, template 295 — Anne Applebaum | Gulag: A History | Penguin Books
h2 Further reading [hk] — template 4
h2 External links [hk] — navbox 907, template 2"
`;

exports[`parseParsoid on every starter fixture > en:Zurich 1`] = `
"Zurich · rev 1377483262 · spec 2.8.0
(lead) — body 21, hatnote 1, infobox 54, template 2 — List of cities in Switzerland | Switzerland | Canton of Zurich
h2 Name — body 14 — Umlaut (diacritic) | Zurich German | Romansh language
h2 History — hatnote 2
  h3 Early history — body 48 — Johann Balthasar Bullinger | Wellenberg Tower | Lindenhof hill
    h4 Archaeological findings — no links
  h3 Old Swiss Confederacy — body 26 — Old Zurich War | Canton of Lucerne | Canton of Schwyz
  h3 Modern history — body 19 — Bahnhofplatz, Zürich | Sonderbund | Immigration
  h3 Heraldic achievement — body 8 — Heraldic achievement | Coat of arms | Heraldic achievement
h2 Geography — body 11 — Limmat | Limmat | Lake Zurich
  h3 Topography — body 13 — Swiss Plateau | Sihl | Swiss National Museum
  h3 Climate — body 12, template 5 — Temperateness | Oceanic climate | Köppen climate classification
    h4 Climate change — no links
    h4 Climate protection — body 5 — Referendum | 2000-watt society | Minergie
  h3 Urban area — body 3 — Affoltern am Albis | Seebach (Zürich) | Uetliberg
h2 Demographics — body 10 — Federal Statistical Office (Switzerland) | Winterthur | Baden, Switzerland
  h3 Foreign population — body 20 — Germany | Italy | Spain
  h3 Languages — body 8 — Swiss Standard German | Zurich German | Swiss German
  h3 Religion — body 26, hatnote 1 — Roman Catholicism | Swiss Reformed | Islam
  h3 Social — no links
  h3 Quality of living — body 7 — Most livable cities | Monocle (2007 magazine) | Mercer (consulting firm)
h2 Politics — no links
  h3 City districts — body 41, hatnote 1 — Altstadt (Zurich) | Limmat | District 2 (Zurich)
  h3 Government — body 16, hatnote 1, template 2 — Collegiate authority | Majorz | Raphael Golta
h2 Parliament — body 2 — Legislative power | Zurich Town Hall
  h3 Elections — no links
    h4 National Council — body 24 — 2023 Swiss federal election | National Council (Switzerland) | Social Democratic Party of Switzerland
  h3 International relations — no links
    h4 Twin towns — body 7 — Twin towns and sister cities | Kunming | San Francisco
    h4 International initiatives — body 5 — Eurocities | Mayors Migration Council | Tyre, Lebanon
    h4 Diplomatic missions — no links
h2 Sights — body 5, hatnote 1 — Paradeplatz | Zürich Hauptbahnhof | Lake Zurich
  h3 Churches — body 14 — Grossmünster | Charlemagne | Zwingli
  h3 Museums — body 28, hatnote 1 — Kunsthaus Zürich | Swiss National Museum | Platzspitz park
  h3 Parks and nature — body 15 — Zürich Zoologischer Garten | Old Botanical Garden, Zurich | University of Zurich
  h3 Kunst und Bau (construction permit office) — no links
  h3 Architecture — body 3 — Sunrise Tower (Zurich) | Prime Tower (Zurich) | Swissmill Tower
  h3 World heritage sites — body 4 — Kleiner Hafner | Prehistoric Pile dwellings around the Alps | UNESCO
h2 Economy — body 13, hatnote 1 — Paradeplatz | Tertiary sector | CityMayors.com
  h3 Contributory factors to economic strength — body 5 — Management consulting | Mercer (consulting firm) | List of most expensive cities for expatriate employees
  h3 Swiss stock exchange — body 7 — SIX Swiss Exchange | Eurex | Us futures exchange
h2 Education and research — body 8 — ETH Zurich | University of Zurich | Ulrich Zwingli
  h3 State universities by size in canton of Zurich — body 3, hatnote 1 — University of Zurich | ETH Zurich | Zurich University of Applied Sciences
h2 Transport — no links
  h3 Public transport — body 13, hatnote 2 — Paddle steamer | Lake Zurich | Zurich Hauptbahnhof
  h3 Zurich Airport — body 4, hatnote 1 — Kloten | Swiss International Air Lines | Dübendorf Air Base
  h3 Road traffic — body 13 — A1 (Switzerland) | A3 motorway (Switzerland) | A4 (Switzerland)
  h3 Bicycle transport — body 2, hatnote 1 — Modal share | Zürich Hauptbahnhof
h2 Media — body 4 — Switzerland | Tamedia | Ringier
  h3 Television and radio — body 7 — Schweizer Fernsehen | Zurich Oerlikon railway station | TeleZüri
  h3 Print media — body 11 — Neue Zürcher Zeitung | Tages-Anzeiger | Blick
h2 Culture — body 22, hatnote 1 — Zurich Film Festival | Zurich Film Festival | Street Parade
  h3 Opera, ballet, and theaters — body 15, hatnote 1 — Zurich Opera House | Richard Wagner | President of the Swiss Confederation
  h3 Food — body 11 — Huldrych Zwingli | Puritan | Zürcher Geschnetzeltes
  h3 Nightlife and clubbing — body 7, template 1 — Street Parade | Niederdorf district | Langstrasse
h2 Sports — body 12 — FIFA Headquarters | FIFA | Association football
  h3 Events — body 15 — Weltklasse Zürich | Letzigrund | Bellevueplatz
h2 Notable people — hatnote 1
h2 Other points of interest — body 6 — Ron Orp's Mail | Vienna | Berlin
h2 See also [hk] — body 4 — List of cities in Switzerland | List of mayors of Zurich | Stadt Zürich (ship, 1909)
h2 Notes and references — no links
  h3 Notes [hk] — no links
  h3 References [hk] — reference 40
h2 Further reading [hk] — no links
  h3 Architecture [hk] — template 3
  h3 Culture [hk] — template 2
  h3 Others [hk] — body 1, template 4 — Limmat Verlag
h2 External links [hk] — body 6, navbox 801, template 2 — Tages-Anzeiger | The New York Times | Berlin"
`;

exports[`parseParsoid on every starter fixture > fr:Carte heuristique 1`] = `
"Carte heuristique · rev 239723501 · spec 2.8.0
(lead) — body 9, hatnote 1 — Représentation graphique | Pensée | Diagramme
h2 Origine — body 22 — Arbre de Porphyre | Catégories (Aristote) | Aristote
h2 Mise en œuvre — no links
  h3 Traditionnelle — no links
  h3 Avec un logiciel — body 4 — 1982 | 1985 | Métamoteur
h2 Utilisation — body 13 — Architecture informatique | Compatible PC | Prise de notes
h2 Considérations de principe — no links
  h3 Débats — body 3 — Hiérarchie | Modèle relationnel | Schéma conceptuel
  h3 Extensions — body 6 — Wiki | Arborescence | Raccourci (informatique)
h2 Logiciels de cartographie mentale — no links
  h3 Quelques logiciels libres de cartographie mentale — body 10 — Framasoft | FreeMind | Freeplane
  h3 Quelques logiciels de groupe de cartographie mentale — body 15 — Groupware | MindMup | Bubbl.us
  h3 Quelques logiciels propriétaires — body 1 — MindManager
h2 Notes et références [hk] — reference 7
h2 Voir aussi [hk] — no links
  h3 Bibliographie [hk] — template 14
  h3 Articles connexes [hk] — body 17 — Brainstorming | Carte mentale | Catographie en araignée
  h3 Liens externes [hk] — template 1"
`;
